[themesbrand.com/minible/layouts/index.html]
[backblue.gif]
[fade.gif]
[index.html]
[themesbrand.com/minible/layouts/assets/images/favicon.ico]
[themesbrand.com/minible/layouts/assets/css/bootstrap.min.css]
[themesbrand.com/minible/layouts/assets/css/icons.min.css]
[themesbrand.com/minible/layouts/assets/css/app.min.css]
[themesbrand.com/minible/layouts/assets/images/logo-sm.png]
[themesbrand.com/minible/layouts/assets/images/logo-dark.png]
[themesbrand.com/minible/layouts/assets/images/logo-light.png]
[themesbrand.com/minible/layouts/assets/images/flags/us.jpg]
[themesbrand.com/minible/layouts/assets/images/flags/spain.jpg]
[themesbrand.com/minible/layouts/assets/images/flags/germany.jpg]
[themesbrand.com/minible/layouts/assets/images/flags/italy.jpg]
[themesbrand.com/minible/layouts/assets/images/flags/russia.jpg]
[themesbrand.com/minible/layouts/assets/images/brands/github.png]
[themesbrand.com/minible/layouts/assets/images/brands/bitbucket.png]
[themesbrand.com/minible/layouts/assets/images/brands/dribbble.png]
[themesbrand.com/minible/layouts/assets/images/brands/dropbox.png]
[themesbrand.com/minible/layouts/assets/images/brands/mail_chimp.png]
[themesbrand.com/minible/layouts/assets/images/brands/slack.png]
[themesbrand.com/minible/layouts/assets/images/users/avatar-3.jpg]
[themesbrand.com/minible/layouts/assets/images/users/avatar-4.jpg]
[themesbrand.com/minible/layouts/layouts-dark-sidebar.html]
[themesbrand.com/minible/layouts/layouts-compact-sidebar.html]
[themesbrand.com/minible/layouts/layouts-icon-sidebar.html]
[themesbrand.com/minible/layouts/layouts-preloader.html]
[themesbrand.com/minible/layouts/layouts-boxed.html]
[themesbrand.com/minible/layouts/layouts-colored-sidebar.html]
[themesbrand.com/minible/layouts/layouts-horizontal.html]
[themesbrand.com/minible/layouts/layouts-hori-topbar-dark.html]
[themesbrand.com/minible/layouts/layouts-hori-boxed-width.html]
[themesbrand.com/minible/layouts/layouts-hori-preloader.html]
[themesbrand.com/minible/layouts/calendar.html]
[themesbrand.com/minible/layouts/chat.html]
[themesbrand.com/minible/layouts/file-manager.html]
[themesbrand.com/minible/layouts/ecommerce-products.html]
[themesbrand.com/minible/layouts/ecommerce-product-detail.html]
[themesbrand.com/minible/layouts/ecommerce-orders.html]
[themesbrand.com/minible/layouts/ecommerce-customers.html]
[themesbrand.com/minible/layouts/ecommerce-cart.html]
[themesbrand.com/minible/layouts/ecommerce-checkout.html]
[themesbrand.com/minible/layouts/ecommerce-shops.html]
[themesbrand.com/minible/layouts/ecommerce-add-product.html]
[themesbrand.com/minible/layouts/email-inbox.html]
[themesbrand.com/minible/layouts/invoices-list.html]
[themesbrand.com/minible/layouts/email-read.html]
[themesbrand.com/minible/layouts/invoices-detail.html]
[themesbrand.com/minible/layouts/contacts-grid.html]
[themesbrand.com/minible/layouts/contacts-list.html]
[themesbrand.com/minible/layouts/contacts-profile.html]
[themesbrand.com/minible/layouts/auth-login.html]
[themesbrand.com/minible/layouts/auth-register.html]
[themesbrand.com/minible/layouts/auth-recoverpw.html]
[themesbrand.com/minible/layouts/auth-lock-screen.html]
[themesbrand.com/minible/layouts/pages-starter.html]
[themesbrand.com/minible/layouts/pages-maintenance.html]
[themesbrand.com/minible/layouts/pages-comingsoon.html]
[themesbrand.com/minible/layouts/pages-timeline.html]
[themesbrand.com/minible/layouts/pages-faqs.html]
[themesbrand.com/minible/layouts/pages-404.html]
[themesbrand.com/minible/layouts/pages-500.html]
[themesbrand.com/minible/layouts/ui-alerts.html]
[themesbrand.com/minible/layouts/pages-pricing.html]
[themesbrand.com/minible/layouts/ui-buttons.html]
[themesbrand.com/minible/layouts/ui-carousel.html]
[themesbrand.com/minible/layouts/ui-dropdowns.html]
[themesbrand.com/minible/layouts/ui-grid.html]
[themesbrand.com/minible/layouts/ui-images.html]
[themesbrand.com/minible/layouts/ui-lightbox.html]
[themesbrand.com/minible/layouts/ui-cards.html]
[themesbrand.com/minible/layouts/ui-offcanvas.html]
[themesbrand.com/minible/layouts/ui-modals.html]
[themesbrand.com/minible/layouts/ui-rangeslider.html]
[themesbrand.com/minible/layouts/ui-session-timeout.html]
[themesbrand.com/minible/layouts/ui-progressbars.html]
[themesbrand.com/minible/layouts/ui-sweet-alert.html]
[themesbrand.com/minible/layouts/ui-placeholders.html]
[themesbrand.com/minible/layouts/ui-tabs-accordions.html]
[themesbrand.com/minible/layouts/ui-utilities.html]
[themesbrand.com/minible/layouts/ui-typography.html]
[themesbrand.com/minible/layouts/ui-toasts.html]
[themesbrand.com/minible/layouts/ui-video.html]
[themesbrand.com/minible/layouts/ui-general.html]
[themesbrand.com/minible/layouts/ui-colors.html]
[themesbrand.com/minible/layouts/ui-rating.html]
[themesbrand.com/minible/layouts/ui-notifications.html]
[themesbrand.com/minible/layouts/form-validation.html]
[themesbrand.com/minible/layouts/form-elements.html]
[themesbrand.com/minible/layouts/form-advanced.html]
[themesbrand.com/minible/layouts/form-editors.html]
[themesbrand.com/minible/layouts/form-xeditable.html]
[themesbrand.com/minible/layouts/form-repeater.html]
[themesbrand.com/minible/layouts/form-uploads.html]
[themesbrand.com/minible/layouts/form-wizard.html]
[themesbrand.com/minible/layouts/tables-basic.html]
[themesbrand.com/minible/layouts/form-mask.html]
[themesbrand.com/minible/layouts/tables-datatable.html]
[themesbrand.com/minible/layouts/tables-responsive.html]
[themesbrand.com/minible/layouts/tables-editable.html]
[themesbrand.com/minible/layouts/charts-apex.html]
[themesbrand.com/minible/layouts/charts-chartjs.html]
[themesbrand.com/minible/layouts/charts-flot.html]
[themesbrand.com/minible/layouts/charts-knob.html]
[themesbrand.com/minible/layouts/charts-sparkline.html]
[themesbrand.com/minible/layouts/icons-boxicons.html]
[themesbrand.com/minible/layouts/icons-materialdesign.html]
[themesbrand.com/minible/layouts/icons-dripicons.html]
[themesbrand.com/minible/layouts/icons-fontawesome.html]
[themesbrand.com/minible/layouts/maps-google.html]
[themesbrand.com/minible/layouts/maps-vector.html]
[themesbrand.com/minible/layouts/maps-leaflet.html]
[themesbrand.com/minible/layouts/assets/images/users/avatar-5.jpg]
[themesbrand.com/minible/layouts/assets/images/users/avatar-6.jpg]
[themesbrand.com/minible/layouts/assets/images/users/avatar-7.jpg]
[themesbrand.com/minible/layouts/assets/images/users/avatar-8.jpg]
[themesbrand.com/minible/layouts/assets/images/users/avatar-2.jpg]
[themesbrand.com/minible/layouts/assets/images/users/avatar-1.jpg]
[themesbrand.com/minible/layouts/assets/libs/bootstrap/js/bootstrap.bundle.min.js]
[themesbrand.com/minible/layouts/assets/libs/jquery/jquery.min.js]
[themesbrand.com/minible/layouts/assets/libs/metismenu/metisMenu.min.js]
[themesbrand.com/minible/layouts/assets/libs/simplebar/simplebar.min.js]
[themesbrand.com/minible/layouts/assets/libs/node-waves/waves.min.js]
[themesbrand.com/minible/layouts/assets/libs/waypoints/lib/jquery.waypoints.min.js]
[themesbrand.com/minible/layouts/assets/libs/jquery.counterup/jquery.counterup.min.js]
[themesbrand.com/minible/layouts/assets/js/pages/dashboard.init.js]
[themesbrand.com/minible/layouts/index.html]
[themesbrand.com/minible/layouts/assets/js/app.js]
[themesbrand.com/minible/layouts/assets/css/bootstrap.min.css]
[themesbrand.com/minible/layouts/assets/libs/apexcharts/apexcharts.min.js]
[themesbrand.com/minible/layouts/assets/fonts/fa-brands-400.eot]
[unicons.iconscout.com/release/v3.0.0/css/line.css]
[themesbrand.com/minible/layouts/assets/fonts/fa-brands-400d41d.eot]
[themesbrand.com/minible/layouts/assets/fonts/fa-brands-400.woff]
[themesbrand.com/minible/layouts/assets/fonts/fa-brands-400.ttf]
[themesbrand.com/minible/layouts/assets/fonts/fa-regular-400.eot]
[themesbrand.com/minible/layouts/assets/fonts/fa-regular-400d41d.eot]
[themesbrand.com/minible/layouts/assets/fonts/fa-regular-400.woff]
[themesbrand.com/minible/layouts/assets/fonts/fa-regular-400.ttf]
[themesbrand.com/minible/layouts/assets/fonts/fa-solid-900.eot]
[themesbrand.com/minible/layouts/assets/fonts/fa-solid-900d41d.eot]
[themesbrand.com/minible/layouts/assets/fonts/fa-solid-900.woff]
[themesbrand.com/minible/layouts/assets/fonts/fa-solid-900.ttf]
[themesbrand.com/minible/layouts/assets/fonts/dripicons-v2.eot]
[themesbrand.com/minible/layouts/assets/fonts/dripicons-v2d41d.eot]
[themesbrand.com/minible/layouts/assets/fonts/dripicons-v2.woff]
[themesbrand.com/minible/layouts/assets/fonts/dripicons-v2.ttf]
[themesbrand.com/minible/layouts/assets/css/icons.min.css]
[themesbrand.com/minible/layouts/assets/css/app.min.css]
[themesbrand.com/minible/layouts/layouts-dark-sidebar.html]
[themesbrand.com/minible/layouts/layouts-compact-sidebar.html]
[themesbrand.com/minible/layouts/layouts-icon-sidebar.html]
[themesbrand.com/minible/layouts/layouts-boxed.html]
[themesbrand.com/minible/layouts/layouts-preloader.html]
[themesbrand.com/minible/layouts/layouts-colored-sidebar.html]
[themesbrand.com/minible/layouts/layouts-horizontal.html]
[themesbrand.com/minible/layouts/layouts-hori-topbar-dark.html]
[themesbrand.com/minible/layouts/layouts-hori-boxed-width.html]
[themesbrand.com/minible/layouts/layouts-hori-preloader.html]
[themesbrand.com/minible/layouts/assets/libs/@fullcalendar/core/main.min.css]
[themesbrand.com/minible/layouts/assets/libs/@fullcalendar/daygrid/main.min.css]
[themesbrand.com/minible/layouts/assets/libs/@fullcalendar/bootstrap/main.min.css]
[themesbrand.com/minible/layouts/assets/libs/@fullcalendar/timegrid/main.min.css]
[themesbrand.com/minible/layouts/assets/images/coming-soon-img.png]
[themesbrand.com/minible/layouts/assets/libs/moment/min/moment.min.js]
[themesbrand.com/minible/layouts/assets/libs/jquery-ui-dist/jquery-ui.min.js]
[themesbrand.com/minible/layouts/assets/libs/@fullcalendar/core/main.min.js]
[themesbrand.com/minible/layouts/assets/libs/@fullcalendar/bootstrap/main.min.js]
[themesbrand.com/minible/layouts/assets/libs/@fullcalendar/daygrid/main.min.js]
[themesbrand.com/minible/layouts/assets/libs/@fullcalendar/timegrid/main.min.js]
[themesbrand.com/minible/layouts/assets/libs/@fullcalendar/interaction/main.min.js]
[themesbrand.com/minible/layouts/assets/js/pages/calendar.init.js]
[themesbrand.com/minible/layouts/calendar.html]
[themesbrand.com/minible/layouts/assets/images/small/img-1.jpg]
[themesbrand.com/minible/layouts/assets/images/small/img-2.jpg]
[themesbrand.com/minible/layouts/chat.html]
[themesbrand.com/minible/layouts/assets/libs/dropzone/min/dropzone.min.css]
[themesbrand.com/minible/layouts/assets/images/upgrade-img.png]
[themesbrand.com/minible/layouts/assets/libs/dropzone/min/dropzone.min.js]
[themesbrand.com/minible/layouts/assets/js/pages/file-manager.init.js]
[themesbrand.com/minible/layouts/file-manager.html]
[themesbrand.com/minible/layouts/assets/libs/ion-rangeslider/css/ion.rangeSlider.min.css]
[themesbrand.com/minible/layouts/assets/images/product/img-1.png]
[themesbrand.com/minible/layouts/assets/images/product/img-2.png]
[themesbrand.com/minible/layouts/assets/images/product/img-3.png]
[themesbrand.com/minible/layouts/assets/images/product/img-4.png]
[themesbrand.com/minible/layouts/assets/images/product/img-5.png]
[themesbrand.com/minible/layouts/assets/images/product/img-6.png]
[themesbrand.com/minible/layouts/assets/libs/ion-rangeslider/js/ion.rangeSlider.min.js]
[themesbrand.com/minible/layouts/assets/js/pages/product-filter-range.init.js]
[themesbrand.com/minible/layouts/ecommerce-products.html]
[themesbrand.com/minible/layouts/ecommerce-product-detail.html]
[themesbrand.com/minible/layouts/assets/libs/datatables.net-bs4/css/dataTables.bootstrap4.min.css]
[themesbrand.com/minible/layouts/assets/libs/datatables.net-responsive-bs4/css/responsive.bootstrap4.min.css]
[themesbrand.com/minible/layouts/assets/libs/datatables.net-bs4/js/dataTables.bootstrap4.min.js]
[themesbrand.com/minible/layouts/assets/libs/datatables.net/js/jquery.dataTables.min.js]
[themesbrand.com/minible/layouts/assets/libs/datatables.net-responsive/js/dataTables.responsive.min.js]
[themesbrand.com/minible/layouts/assets/libs/datatables.net-responsive-bs4/js/responsive.bootstrap4.min.js]
[themesbrand.com/minible/layouts/assets/js/pages/ecommerce-datatables.init.js]
[themesbrand.com/minible/layouts/ecommerce-orders.html]
[themesbrand.com/minible/layouts/ecommerce-customers.html]
[themesbrand.com/minible/layouts/assets/libs/bootstrap-touchspin/jquery.bootstrap-touchspin.min.css]
[themesbrand.com/minible/layouts/assets/libs/bootstrap-touchspin/jquery.bootstrap-touchspin.min.js]
[themesbrand.com/minible/layouts/assets/js/pages/ecommerce-cart.init.js]
[themesbrand.com/minible/layouts/ecommerce-cart.html]
[themesbrand.com/minible/layouts/ecommerce-checkout.html]
[themesbrand.com/minible/layouts/ecommerce-shops.html]
[themesbrand.com/minible/layouts/assets/libs/select2/css/select2.min.css]
[themesbrand.com/minible/layouts/assets/libs/select2/js/select2.min.js]
[themesbrand.com/minible/layouts/assets/js/pages/ecommerce-add-product.init.js]
[themesbrand.com/minible/layouts/ecommerce-add-product.html]
[themesbrand.com/minible/layouts/assets/js/pages/email-editor.init.js]
[themesbrand.com/minible/layouts/email-inbox.html]
[themesbrand.com/minible/layouts/assets/images/small/img-3.jpg]
[themesbrand.com/minible/layouts/assets/images/small/img-4.jpg]
[themesbrand.com/minible/layouts/email-read.html]
[themesbrand.com/minible/layouts/assets/libs/bootstrap-datepicker/css/bootstrap-datepicker.min.css]
[themesbrand.com/minible/layouts/invoices-list.html]
[themesbrand.com/minible/layouts/assets/libs/bootstrap-datepicker/js/bootstrap-datepicker.min.js]
[themesbrand.com/minible/layouts/invoices-detail.html]
[themesbrand.com/minible/layouts/contacts-grid.html]
[themesbrand.com/minible/layouts/contacts-list.html]
[themesbrand.com/minible/layouts/contacts-profile.html]
[themesbrand.com/minible/layouts/auth-login.html]
[themesbrand.com/minible/layouts/auth-register.html]
[themesbrand.com/minible/layouts/auth-recoverpw.html]
[themesbrand.com/minible/layouts/auth-lock-screen.html]
[themesbrand.com/minible/layouts/pages-starter.html]
[themesbrand.com/minible/layouts/assets/images/maintenance.png]
[themesbrand.com/minible/layouts/assets/libs/tinymce/tinymce.min.js]
[themesbrand.com/minible/layouts/assets/libs/owl.carousel/owl.carousel.min.js]
[themesbrand.com/minible/layouts/assets/js/pages/auth-carousel.init.js]
[themesbrand.com/minible/layouts/pages-maintenance.html]
[themesbrand.com/minible/layouts/assets/libs/jquery-countdown/jquery.countdown.min.js]
[themesbrand.com/minible/layouts/assets/js/pages/coming-soon.init.js]
[themesbrand.com/minible/layouts/pages-comingsoon.html]
[themesbrand.com/minible/layouts/assets/libs/owl.carousel/assets/owl.carousel.min.css]
[themesbrand.com/minible/layouts/assets/libs/owl.carousel/assets/owl.theme.default.min.css]
[themesbrand.com/minible/layouts/assets/js/pages/timeline.init.js]
[themesbrand.com/minible/layouts/pages-timeline.html]
[themesbrand.com/minible/layouts/assets/images/faqs-img.png]
[themesbrand.com/minible/layouts/pages-faqs.html]
[themesbrand.com/minible/layouts/pages-pricing.html]
[themesbrand.com/minible/layouts/assets/images/404-error.png]
[themesbrand.com/minible/layouts/pages-404.html]
[themesbrand.com/minible/layouts/assets/images/500-error.png]
[themesbrand.com/minible/layouts/pages-500.html]
[themesbrand.com/minible/layouts/assets/js/pages/alerts.init.js]
[themesbrand.com/minible/layouts/ui-alerts.html]
[themesbrand.com/minible/layouts/ui-buttons.html]
[themesbrand.com/minible/layouts/assets/images/small/img-5.jpg]
[themesbrand.com/minible/layouts/assets/images/small/img-7.jpg]
[themesbrand.com/minible/layouts/assets/images/small/img-6.jpg]
[themesbrand.com/minible/layouts/ui-cards.html]
[themesbrand.com/minible/layouts/ui-carousel.html]
[themesbrand.com/minible/layouts/assets/libs/masonry-layout/masonry.pkgd.min.js]
[themesbrand.com/minible/layouts/ui-dropdowns.html]
[themesbrand.com/minible/layouts/ui-grid.html]
[themesbrand.com/minible/layouts/ui-images.html]
[themesbrand.com/minible/layouts/assets/libs/magnific-popup/magnific-popup.css]
[themesbrand.com/minible/layouts/assets/js/pages/lightbox.init.js]
[themesbrand.com/minible/layouts/ui-lightbox.html]
[themesbrand.com/minible/layouts/assets/libs/magnific-popup/jquery.magnific-popup.min.js]
[themesbrand.com/minible/layouts/assets/js/pages/modal.init.js]
[themesbrand.com/minible/layouts/ui-modals.html]
[themesbrand.com/minible/layouts/ui-offcanvas.html]
[themesbrand.com/minible/layouts/assets/js/pages/range-sliders.init.js]
[themesbrand.com/minible/layouts/ui-rangeslider.html]
[themesbrand.com/minible/layouts/assets/libs/@curiosityx/bootstrap-session-timeout/index.js]
[themesbrand.com/minible/layouts/assets/js/pages/session-timeout.init.js]
[themesbrand.com/minible/layouts/ui-session-timeout.html]
[themesbrand.com/minible/layouts/ui-progressbars.html]
[themesbrand.com/minible/layouts/ui-placeholders.html]
[themesbrand.com/minible/layouts/assets/libs/sweetalert2/sweetalert2.min.css]
[themesbrand.com/minible/layouts/assets/js/pages/sweet-alerts.init.js]
[themesbrand.com/minible/layouts/ui-sweet-alert.html]
[themesbrand.com/minible/layouts/ui-tabs-accordions.html]
[themesbrand.com/minible/layouts/assets/libs/sweetalert2/sweetalert2.min.js]
[themesbrand.com/minible/layouts/ui-typography.html]
[themesbrand.com/minible/layouts/ui-utilities.html]
[themesbrand.com/minible/layouts/assets/js/pages/bootstrap-toasts.init.js]
[themesbrand.com/minible/layouts/ui-toasts.html]
[themesbrand.com/minible/layouts/ui-video.html]
[themesbrand.com/minible/layouts/ui-general.html]
[themesbrand.com/minible/layouts/ui-colors.html]
[themesbrand.com/minible/layouts/assets/libs/jquery-bar-rating/themes/bars-1to10.css]
[themesbrand.com/minible/layouts/assets/libs/jquery-bar-rating/themes/bars-horizontal.css]
[themesbrand.com/minible/layouts/assets/libs/jquery-bar-rating/themes/bars-movie.css]
[themesbrand.com/minible/layouts/assets/libs/jquery-bar-rating/themes/bars-pill.css]
[themesbrand.com/minible/layouts/assets/libs/jquery-bar-rating/themes/bars-reversed.css]
[themesbrand.com/minible/layouts/assets/libs/jquery-bar-rating/themes/bars-square.css]
[themesbrand.com/minible/layouts/assets/libs/jquery-bar-rating/themes/css-stars.css]
[themesbrand.com/minible/layouts/assets/libs/jquery-bar-rating/themes/fontawesome-stars-o.css]
[themesbrand.com/minible/layouts/assets/libs/jquery-bar-rating/themes/fontawesome-stars.css]
[themesbrand.com/minible/layouts/assets/libs/jquery-bar-rating/jquery.barrating.min.js]
[themesbrand.com/minible/layouts/assets/js/pages/rating-init.js]
[themesbrand.com/minible/layouts/ui-rating.html]
[themesbrand.com/minible/layouts/assets/libs/toastr/build/toastr.min.css]
[themesbrand.com/minible/layouts/assets/libs/toastr/build/toastr.min.js]
[themesbrand.com/minible/layouts/assets/js/pages/toastr.init.js]
[themesbrand.com/minible/layouts/ui-notifications.html]
[themesbrand.com/minible/layouts/form-elements.html]
[themesbrand.com/minible/layouts/assets/libs/parsleyjs/parsley.min.js]
[themesbrand.com/minible/layouts/assets/js/pages/form-validation.init.js]
[themesbrand.com/minible/layouts/form-validation.html]
[themesbrand.com/minible/layouts/assets/libs/spectrum-colorpicker2/spectrum.min.css]
[themesbrand.com/minible/layouts/assets/libs/@chenfengyuan/datepicker/datepicker.min.css]
[themesbrand.com/minible/layouts/assets/libs/flatpickr/flatpickr.min.css]
[themesbrand.com/minible/layouts/assets/libs/spectrum-colorpicker2/spectrum.min.js]
[themesbrand.com/minible/layouts/assets/libs/bootstrap-maxlength/bootstrap-maxlength.min.js]
[themesbrand.com/minible/layouts/assets/libs/@chenfengyuan/datepicker/datepicker.min.js]
[themesbrand.com/minible/layouts/assets/libs/flatpickr/flatpickr.min.js]
[themesbrand.com/minible/layouts/form-advanced.html]
[themesbrand.com/minible/layouts/assets/js/pages/form-advanced.init.js]
[themesbrand.com/minible/layouts/assets/js/pages/form-editor.init.js]
[themesbrand.com/minible/layouts/form-editors.html]
[themesbrand.com/minible/layouts/form-uploads.html]
[themesbrand.com/minible/layouts/assets/libs/bootstrap-editable/css/bootstrap-editable.css]
[themesbrand.com/minible/layouts/assets/js/pages/form-xeditable.init.js]
[themesbrand.com/minible/layouts/form-xeditable.html]
[themesbrand.com/minible/layouts/assets/libs/bootstrap-editable/js/index.js]
[themesbrand.com/minible/layouts/assets/libs/jquery.repeater/jquery.repeater.min.js]
[themesbrand.com/minible/layouts/assets/libs/@ckeditor/ckeditor5-build-classic/build/ckeditor.js]
[themesbrand.com/minible/layouts/assets/js/pages/form-repeater.int.js]
[themesbrand.com/minible/layouts/form-repeater.html]
[themesbrand.com/minible/layouts/assets/libs/jquery-steps/build/jquery.steps.min.js]
[themesbrand.com/minible/layouts/assets/js/pages/form-wizard.init.js]
[themesbrand.com/minible/layouts/form-wizard.html]
[themesbrand.com/minible/layouts/assets/js/pages/form-mask.init.js]
[themesbrand.com/minible/layouts/form-mask.html]
[themesbrand.com/minible/layouts/tables-basic.html]
[themesbrand.com/minible/layouts/assets/libs/datatables.net-buttons-bs4/css/buttons.bootstrap4.min.css]
[themesbrand.com/minible/layouts/assets/libs/inputmask/min/jquery.inputmask.bundle.min.js]
[themesbrand.com/minible/layouts/assets/libs/datatables.net-buttons/js/dataTables.buttons.min.js]
[themesbrand.com/minible/layouts/assets/libs/datatables.net-buttons-bs4/js/buttons.bootstrap4.min.js]
[themesbrand.com/minible/layouts/assets/libs/jszip/jszip.min.js]
[themesbrand.com/minible/layouts/assets/libs/datatables.net-buttons/js/buttons.html5.min.js]
[themesbrand.com/minible/layouts/assets/libs/datatables.net-buttons/js/buttons.print.min.js]
[themesbrand.com/minible/layouts/assets/libs/datatables.net-buttons/js/buttons.colVis.min.js]
[themesbrand.com/minible/layouts/assets/js/pages/datatables.init.js]
[themesbrand.com/minible/layouts/tables-datatable.html]
[themesbrand.com/minible/layouts/assets/libs/admin-resources/rwd-table/rwd-table.min.css]
[themesbrand.com/minible/layouts/assets/libs/admin-resources/rwd-table/rwd-table.min.js]
[themesbrand.com/minible/layouts/assets/js/pages/table-responsive.init.js]
[themesbrand.com/minible/layouts/tables-responsive.html]
[themesbrand.com/minible/layouts/assets/libs/table-edits/build/table-edits.min.js]
[themesbrand.com/minible/layouts/assets/js/pages/table-editable.int.js]
[themesbrand.com/minible/layouts/tables-editable.html]
[themesbrand.com/minible/layouts/charts-apex.html]
[themesbrand.com/minible/layouts/assets/js/pages/apexcharts.init.js]
[themesbrand.com/minible/layouts/assets/js/pages/chartjs.init.js]
[themesbrand.com/minible/layouts/charts-chartjs.html]
[themesbrand.com/minible/layouts/assets/libs/chart.js/Chart.bundle.min.js]
[themesbrand.com/minible/layouts/assets/libs/flot-charts/jquery.flot.time.js]
[themesbrand.com/minible/layouts/assets/libs/jquery.flot.tooltip/js/jquery.flot.tooltip.min.js]
[themesbrand.com/minible/layouts/assets/libs/flot-charts/jquery.flot.js]
[themesbrand.com/minible/layouts/assets/libs/flot-charts/jquery.flot.resize.js]
[themesbrand.com/minible/layouts/assets/libs/pdfmake/build/pdfmake.min.js]
[themesbrand.com/minible/layouts/assets/libs/flot-charts/jquery.flot.pie.js]
[themesbrand.com/minible/layouts/assets/libs/flot-charts/jquery.flot.selection.js]
[themesbrand.com/minible/layouts/assets/libs/pdfmake/build/vfs_fonts.js]
[themesbrand.com/minible/layouts/assets/libs/flot-charts/jquery.flot.stack.js]
[themesbrand.com/minible/layouts/assets/libs/flot-charts/jquery.flot.crosshair.js]
[themesbrand.com/minible/layouts/assets/js/pages/flot.init.js]
[themesbrand.com/minible/layouts/charts-flot.html]
[themesbrand.com/minible/layouts/assets/libs/jquery-knob/jquery.knob.min.js]
[themesbrand.com/minible/layouts/assets/js/pages/jquery-knob.init.js]
[themesbrand.com/minible/layouts/charts-knob.html]
[themesbrand.com/minible/layouts/assets/js/pages/sparklines.init.js]
[themesbrand.com/minible/layouts/charts-sparkline.html]
[themesbrand.com/minible/layouts/assets/libs/jquery-sparkline/jquery.sparkline.min.js]
[themesbrand.com/minible/layouts/icons-boxicons.html]
[themesbrand.com/minible/layouts/icons-materialdesign.html]
[themesbrand.com/minible/layouts/icons-dripicons.html]
[themesbrand.com/minible/layouts/icons-unicons.html]
[themesbrand.com/minible/layouts/icons-fontawesome.html]
[themesbrand.com/minible/layouts/assets/js/pages/gmaps.init.js]
[themesbrand.com/minible/layouts/maps-google.html]
[themesbrand.com/minible/layouts/assets/libs/gmaps/gmaps.min.js]
[themesbrand.com/minible/layouts/assets/libs/admin-resources/jquery.vectormap/jquery-jvectormap-1.2.2.css]
[themesbrand.com/minible/layouts/assets/libs/admin-resources/jquery.vectormap/jquery-jvectormap-1.2.2.min.js]
[themesbrand.com/minible/layouts/assets/libs/admin-resources/jquery.vectormap/maps/jquery-jvectormap-world-mill-en.js]
[themesbrand.com/minible/layouts/assets/libs/admin-resources/jquery.vectormap/maps/jquery-jvectormap-us-merc-en.js]
[themesbrand.com/minible/layouts/assets/js/pages/materialdesign.init.js]
[themesbrand.com/minible/layouts/assets/js/pages/fontawesome.init.js]
[themesbrand.com/minible/layouts/assets/libs/admin-resources/jquery.vectormap/maps/jquery-jvectormap-au-mill-en.js]
[themesbrand.com/minible/layouts/assets/libs/admin-resources/jquery.vectormap/maps/jquery-jvectormap-us-il-chicago-mill-en.js]
[themesbrand.com/minible/layouts/assets/libs/admin-resources/jquery.vectormap/maps/jquery-jvectormap-uk-mill-en.js]
[themesbrand.com/minible/layouts/assets/libs/admin-resources/jquery.vectormap/maps/jquery-jvectormap-in-mill-en.js]
[themesbrand.com/minible/layouts/assets/js/pages/vector-maps.init.js]
[themesbrand.com/minible/layouts/maps-vector.html]
[themesbrand.com/minible/layouts/assets/libs/leaflet/leaflet.css]
[themesbrand.com/minible/layouts/assets/js/pages/leaflet-us-states.js]
[themesbrand.com/minible/layouts/assets/libs/leaflet/leaflet.js]
[themesbrand.com/minible/layouts/assets/libs/admin-resources/jquery.vectormap/maps/jquery-jvectormap-ca-lcc-en.js]
[themesbrand.com/minible/layouts/assets/js/pages/leaflet-map.init.js]
[themesbrand.com/minible/layouts/maps-leaflet.html]
[themesbrand.com/minible/layouts/assets/images/setup-analytics-amico.svg]
[unicons.iconscout.com/release/v3.0.0/css/line.css]
[themesbrand.com/minible/layouts/assets/fonts/fa-brands-400.html]
[themesbrand.com/minible/layouts/assets/fonts/fa-brands-400.svg]
[themesbrand.com/minible/layouts/assets/fonts/fa-regular-400.html]
[themesbrand.com/minible/layouts/assets/fonts/fa-regular-400.svg]
[themesbrand.com/minible/layouts/assets/fonts/fa-solid-900.html]
[themesbrand.com/minible/layouts/assets/fonts/fa-solid-900.svg]
[themesbrand.com/minible/layouts/assets/fonts/dripicons-v2.svg]
[themesbrand.com/minible/layouts/assets/libs/@fullcalendar/core/main.min.css]
[themesbrand.com/minible/layouts/assets/libs/@fullcalendar/daygrid/main.min.css]
[themesbrand.com/minible/layouts/assets/libs/@fullcalendar/bootstrap/main.min.css]
[themesbrand.com/minible/layouts/assets/libs/@fullcalendar/timegrid/main.min.css]
[themesbrand.com/minible/layouts/assets/libs/dropzone/min/dropzone.min.css]
[themesbrand.com/minible/layouts/assets/libs/ion-rangeslider/css/ion.rangeSlider.min.css]
[themesbrand.com/minible/layouts/assets/libs/datatables.net-bs4/css/dataTables.bootstrap4.min.css]
[themesbrand.com/minible/layouts/assets/libs/datatables.net-responsive-bs4/css/responsive.bootstrap4.min.css]
[themesbrand.com/minible/layouts/assets/libs/bootstrap-touchspin/jquery.bootstrap-touchspin.min.css]
[themesbrand.com/minible/layouts/assets/libs/select2/css/select2.min.css]
[themesbrand.com/minible/layouts/assets/libs/bootstrap-datepicker/css/bootstrap-datepicker.min.css]
[themesbrand.com/minible/layouts/assets/libs/owl.carousel/assets/owl.video.play.png]
[themesbrand.com/minible/layouts/assets/libs/owl.carousel/assets/owl.carousel.min.css]
[themesbrand.com/minible/layouts/assets/libs/owl.carousel/assets/owl.theme.default.min.css]
[themesbrand.com/minible/layouts/assets/libs/magnific-popup/magnific-popup.css]
[themesbrand.com/minible/layouts/assets/libs/sweetalert2/sweetalert2.min.css]
[themesbrand.com/minible/layouts/assets/libs/jquery-bar-rating/themes/bars-1to10.css]
[themesbrand.com/minible/layouts/assets/libs/jquery-bar-rating/themes/bars-horizontal.css]
[themesbrand.com/minible/layouts/assets/libs/jquery-bar-rating/themes/bars-movie.css]
[themesbrand.com/minible/layouts/assets/libs/jquery-bar-rating/themes/bars-pill.css]
[themesbrand.com/minible/layouts/assets/libs/jquery-bar-rating/themes/bars-reversed.css]
[themesbrand.com/minible/layouts/assets/libs/jquery-bar-rating/themes/bars-square.css]
[themesbrand.com/minible/layouts/assets/libs/jquery-bar-rating/themes/css-stars.css]
[themesbrand.com/minible/layouts/assets/libs/jquery-bar-rating/themes/fontawesome-stars-o.css]
[themesbrand.com/minible/layouts/assets/libs/jquery-bar-rating/themes/fontawesome-stars.css]
[themesbrand.com/minible/layouts/assets/libs/toastr/build/toastr.min.css]
[themesbrand.com/minible/layouts/assets/libs/spectrum-colorpicker2/spectrum.min.css]
[themesbrand.com/minible/layouts/assets/libs/@chenfengyuan/datepicker/datepicker.min.css]
[themesbrand.com/minible/layouts/assets/libs/flatpickr/flatpickr.min.css]
[themesbrand.com/minible/layouts/assets/libs/bootstrap-editable/img/loading.gif]
[themesbrand.com/minible/layouts/assets/libs/bootstrap-editable/img/clear.png]
[themesbrand.com/minible/layouts/assets/libs/bootstrap-editable/css/bootstrap-editable.css]
[themesbrand.com/minible/layouts/assets/libs/datatables.net-buttons-bs4/css/buttons.bootstrap4.min.css]
[themesbrand.com/minible/layouts/assets/libs/admin-resources/rwd-table/rwd-table.min.css]
[themesbrand.com/minible/layouts/assets/libs/flot.curvedLines/curvedLines.html]
[themesbrand.com/minible/layouts/icons-unicons.html]
[themesbrand.com/minible/layouts/assets/libs/admin-resources/jquery.vectormap/jquery-jvectormap-1.2.2.css]
[themesbrand.com/minible/layouts/assets/libs/leaflet/images/layers.png]
[themesbrand.com/minible/layouts/assets/libs/leaflet/images/layers-2x.png]
[themesbrand.com/minible/layouts/assets/libs/leaflet/images/marker-icon.png]
[themesbrand.com/minible/layouts/assets/libs/leaflet/leaflet.css]
